// Jest Snapshot v1, https://goo.gl/fbAQLP

exports[`renders homepage unchanged 1`] = `
<div>
  <div
    class="container"
  >
    <div
      class="mainWrapper"
    >
      <h1>
        Integer to Roman Numeral converter
      </h1>
      <input
        class="integerInput"
        max="1000"
        min="1"
        name="integer"
        placeholder="Enter your integer here"
        type="number"
      />
      <h3>
        Roman Numeral convertion:
      </h3>
      <div
        class="result"
      />
    </div>
  </div>
</div>
`;
